"blank"				"Basic Movement Controls"
"+forward"			"Move Forward"
"+back"				"Move Backwards"
"+moveleft"			"Strafe Left"
"+moveright"			"Strafe Right"
"+left"				"Turn Left"
"+right"			"Turn Right"
"+jump"				"Jump"
"+duck"				"Duck"
"+speed"          		"Walk"
"+moveup"			"Swim up"
"+movedown"			"Swim down"
"+lookup"			"Look up"
"+lookdown"			"Look down"
"centerview"			"Look straight ahead"
"+strafe"			"Strafe modifier"
"+mlook"			"Mouse look modifier"
"+klook"			"Keyboard look modifier"
"blank"				"Weapon Controls"
"+attack"			"Primary attack"
"+attack2"			"Secondary attack"
"+reload"			"Reload"
"invnext"			"Next weapon"
"invprev"			"Previous weapon"
"lastinv"			"Last used weapon"
"blank"				"Selection Keys"
"slot1"				"Selection 1"
"slot2"				"Selection 2"
"slot3" 			"Selection 3"
"slot4"				"Selection 4"
"slot5"				"Selection 5"
"slot6"				"Selection 6"
"slot7"				"Selection 7"
"slot8" 			"Selection 8"
"slot9"				"Selection 9"
"slot10"			"Selection 10"
"blank"				"BG Commands"
"commands1"			"Voice Menu 1"
"commands2"			"Voice Menu 2"
"+voicerecord"			"Voice Comms"
"chooseteam"			"Select Team"
"chooseclass"			"Select Classes"
"+commandmenu"			"Command Menu"
"blank"				"Misc Commands"
"+use"				"Use item (cannons, doors, ...)"
"+showscores"			"Display multiplayer scores"
"stopsound"			"Stop Background Ambience"
"messagemode"			"Chat message"
"messagemode2"			"Team message"
"snapshot"			"Take screen shot"
"impulse 201"			"Spray logo"
"toggleconsole"			"Console Key"
"quit"				"Quit game"