"w"			"+forward"
"UPARROW"		"+forward"
"s"			"+back"
"DOWNARROW"		"+back"
"a"			"+moveleft"
","			"+moveleft"
"d"			"+moveright"
"."			"+moveright"
"LEFTARROW"		"+left"
"RIGHTARROW"		"+right"
"SPACE"			"+jump"
"CTRL"			"+duck"
"SHIFT"			"+speed"
"v"			"+moveup"
"'"			"+moveup"
"c"			"+movedown"
"/"			"+movedown"
"PGUP"			"+lookup"
"PGDN"			"+lookdown"
"ALT"			"+strafe"
"END"			"centerview"
"INS"			"+klook"
";"			"+mlook"
"MOUSE1"		"+attack"
"ENTER"			"+attack"
"MOUSE2"		"+attack2"
"r"			"+reload"
"]"			"invnext"
"MWHEELDOWN"		"invnext"
"["			"invprev"
"MWHEELUP"		"invprev"
"#"			"lastinv"
"1"			"slot1"
"2"			"slot2"
"3"			"slot3"
"4"			"slot4"
"5"			"slot5"
"6"			"slot6"
"7"			"slot7"
"8"			"slot8"
"9"			"slot9"
"0"			"slot10"
"z"			"commands1"
"x"			"commands2"
"q"			"+voicerecord"
"b"			"chooseclass"
"n"			"chooseteam"
"g"			"+commandmenu"
"e"			"+use"
"TAB"			"+showscores"
"y"			"messagemode"
"u"			"messagemode2"
"F5"			"snapshot"
"t"			"impulse 201"
"~"			"toggleconsole"
"F10"			"quit prompt"
"ESCAPE"		"escape"
